// Jest Snapshot v1, https://goo.gl/fbAQLP

exports[`sum function should return an addition of two arguments passed 1`] = `5`;
